2025/02/24 17:41:39 avis_page_test.go:25: 🚀 Iniciando test de AVIS
2025/02/24 17:41:39 avis_page_test.go:26: 📡 Accediendo a la URL: https://www.avis.es
2025/02/24 17:41:50 avis_page_test.go:36: 📝 Título obtenido: Resultados Búsqueda
2025/02/24 17:41:50 avis_page_test.go:42: 🚗 Vehículos encontrados: 9
2025/02/24 17:41:50 avis_page_test.go:44: ✅ Test de búsqueda completado en 10.93
2025/02/24 17:41:50 home_page_test.go:41: 🚀 Iniciando test de Título en FRT
2025/02/24 17:41:50 home_page_test.go:42: 📡 Accediendo a la URL: https://www.freerangetesters.com
2025/02/24 17:41:51 home_page_test.go:48: 📝 Título obtenido: Free Range Testers
2025/02/24 17:41:51 home_page_test.go:50: ✅ Test de título completado en 1.86
2025/02/24 17:41:51 home_page_test.go:58: 🚀 Iniciando test de secciones
2025/02/24 17:41:53 home_page_test.go:64: 📊 Número de secciones encontradas: 16
2025/02/24 17:41:53 home_page_test.go:66: ✅ Test de secciones completado en 1.60
2025/02/24 17:41:53 home_page_test.go:74: 🚀 Iniciando test de enlaces
2025/02/24 17:41:55 home_page_test.go:81: 🔗 Número de enlaces encontrados: 10
2025/02/24 17:41:55 home_page_test.go:83:   🌐 Enlace 1: https://cdn.podia.com/assets/user-site-729eb4244d96529c0db90d8ac52d22e914c1945832db058687fe21e8ef89ff9f.js
2025/02/24 17:41:55 home_page_test.go:83:   🌐 Enlace 2: https://cdn.podia.com/assets/storefront-5fd652025b98190a2b907c39231b887ff10d952e754683d13cb8ed772c3d23b4.js
2025/02/24 17:41:55 home_page_test.go:83:   🌐 Enlace 3: https://www.freerangetesters.com/content-assets/public/eyJhbGciOiJIUzI1NiJ9.eyJvYmplY3Rfa2V5IjoiYWNyejJwYmJxYzJhNWg5Z3A2Z2NqM3Nva244NSIsImRvbWFpbiI6Ind3dy5mcmVlcmFuZ2V0ZXN0ZXJzLmNvbSJ9.0tiZ084FQR5olLxWvnDAd_WBPleRri7ZfKcxR7lxHzA
2025/02/24 17:41:55 home_page_test.go:83:   🌐 Enlace 4: https://www.googletagmanager.com/gtag/js?id=G-MDMB1EDWKT
2025/02/24 17:41:55 home_page_test.go:83:   🌐 Enlace 5: https://js.stripe.com/v3/
2025/02/24 17:41:55 home_page_test.go:83:   🌐 Enlace 6: https://www.paypalobjects.com/api/checkout.js
2025/02/24 17:41:55 home_page_test.go:83:   🌐 Enlace 7: https://embed.cloudflarestream.com/embed/sdk.latest.js
2025/02/24 17:41:55 home_page_test.go:83:   🌐 Enlace 8: https://challenges.cloudflare.com/turnstile/v0/api.js
2025/02/24 17:41:55 home_page_test.go:83:   🌐 Enlace 9: https://cdn.podia.com/assets/storefront-ac83c06e431b2f7199287234514c1f613ae5d183e03ea4051cf7698352c07c95.css
2025/02/24 17:41:55 home_page_test.go:83:   🌐 Enlace 10: https://fonts.googleapis.com/css?family=Fredoka+One:400|Rubik:400|Rubik:300|Rubik:700
2025/02/24 17:41:55 home_page_test.go:85: ✅ Test de enlaces completado en 1.59
2025/02/24 17:41:55 sandbox_page_test.go:21: 🚀 Iniciando test de Título en Sandbox de FRT
2025/02/24 17:41:55 sandbox_page_test.go:22: 📡 Accediendo a la URL: https://thefreerangetester.github.io/sandbox-automation-testing/
2025/02/24 17:41:55 sandbox_page_test.go:28: 📝 Título obtenido: Automation Sandbox
2025/02/24 17:41:55 sandbox_page_test.go:30: ✅ Test de título completado en 0.11
2025/02/24 17:41:55 sandbox_page_test.go:38: 🚀 Iniciando test de enlaces en Sandbox
2025/02/24 17:41:55 sandbox_page_test.go:45: 🔗 Número de enlaces encontrados: 5
2025/02/24 17:41:55 sandbox_page_test.go:47:   🌐 Enlace 1: /sandbox-automation-testing/logo192.png
2025/02/24 17:41:55 sandbox_page_test.go:47:   🌐 Enlace 2: /sandbox-automation-testing/manifest.json
2025/02/24 17:41:55 sandbox_page_test.go:47:   🌐 Enlace 3: /sandbox-automation-testing/static/css/main.5cd83425.css
2025/02/24 17:41:55 sandbox_page_test.go:47:   🌐 Enlace 4: /sandbox-automation-testing/static/js/main.cddc4bb1.js
2025/02/24 17:41:55 sandbox_page_test.go:47:   🌐 Enlace 5: /sandbox-automation-testing/favicon.ico
2025/02/24 17:41:55 sandbox_page_test.go:49: ✅ Test de enlaces completado en 0.02
2025/02/24 17:41:55 sandbox_page_test.go:57: 🚀 Iniciando test de botón dinámico en Sandbox
2025/02/24 17:42:00 sandbox_page_test.go:63: 📝 Valor del botón dinámico: OMG, aparezco después de 3 segundos de haber hecho click en el botón 👻.
2025/02/24 17:42:00 sandbox_page_test.go:64: ✅ Test de botón dinámico completado en 4.86
2025/02/24 17:42:00 sandbox_page_test.go:71: 🚀 Iniciando test de textbox en Sandbox
2025/02/24 17:42:01 sandbox_page_test.go:77: 📝 Valor del textbox: Texto de prueba
2025/02/24 17:42:01 sandbox_page_test.go:78: ✅ Test de textbox completado en 1.08
2025/02/24 17:42:01 sandbox_page_test.go:85: 🚀 Iniciando test de checkboxes en Sandbox
2025/02/24 17:42:02 sandbox_page_test.go:91: 📝 Valores de los checkboxes: Pizza 🍕
2025/02/24 17:42:02 sandbox_page_test.go:92: 📝 Valor del Radio Button: on
2025/02/24 17:42:02 sandbox_page_test.go:93: ✅ Test de checkboxes y radio buttons completado en 0.94
2025/02/24 17:42:02 sandbox_page_test.go:100: 🚀 Iniciando test de dropdowns en Sandbox
2025/02/24 17:42:03 sandbox_page_test.go:106: 📝 Valor del primer Dropdown: Fútbol
2025/02/24 17:42:03 sandbox_page_test.go:107: 📝 Valor del segundo Dropdown : Martes
2025/02/24 17:42:03 sandbox_page_test.go:108: ✅ Test de dropdowns completado en 1.12
2025/02/24 17:42:03 sandbox_page_test.go:115: 🚀 Iniciando test de popup en Sandbox
2025/02/24 17:42:04 sandbox_page_test.go:121: 📝 Valor del popup: ¿Viste? ¡Apareció un Pop-up!
2025/02/24 17:42:04 sandbox_page_test.go:122: ✅ Test de popup completado en 0.89
2025/02/24 17:42:04 sandbox_page_test.go:129: 🚀 Iniciando test de Shadow DOM en Sandbox
2025/02/24 17:42:05 sandbox_page_test.go:135: 📝 Valor del Shadow DOM: 
2025/02/24 17:42:05 sandbox_page_test.go:136: ✅ Test de Shadow DOM completado en 1.07
2025/02/24 17:42:05 sandbox_page_test.go:143: 🚀 Iniciando test de tablas en Sandbox
2025/02/24 17:42:06 sandbox_page_test.go:149: 📝 Valor de la celda dinámica antes: J5
2025/02/24 17:42:06 sandbox_page_test.go:150: 📝 Valor de la celda dinámica después: V2
2025/02/24 17:42:06 sandbox_page_test.go:151: 📝 Valor de la celda estática antes: Messi
2025/02/24 17:42:06 sandbox_page_test.go:152: 📝 Valor de la celda estática luego: Messi
2025/02/24 17:42:06 sandbox_page_test.go:153: ✅ Test de tablas completado en 1.22
2025/02/24 17:42:06 sandbox_page_test.go:155: ✅ Test de tablas completado en 1.22 segundos
2025/02/25 11:05:53 avis_page_test.go:25: 🚀 Iniciando test de AVIS
2025/02/25 11:05:53 avis_page_test.go:26: 📡 Accediendo a la URL: https://www.avis.es
2025/02/25 11:06:03 avis_page_test.go:36: 📝 Título obtenido: Resultados Búsqueda
2025/02/25 11:06:03 avis_page_test.go:42: 🚗 Vehículos encontrados: 8
2025/02/25 11:06:03 avis_page_test.go:44: ✅ Test de búsqueda completado en 10.19
2025/02/25 11:06:03 home_page_test.go:41: 🚀 Iniciando test de Título en FRT
2025/02/25 11:06:03 home_page_test.go:42: 📡 Accediendo a la URL: https://www.freerangetesters.com
2025/02/25 11:06:05 home_page_test.go:48: 📝 Título obtenido: Free Range Testers
2025/02/25 11:06:05 home_page_test.go:50: ✅ Test de título completado en 1.47
2025/02/25 11:06:05 home_page_test.go:58: 🚀 Iniciando test de secciones
2025/02/25 11:06:06 home_page_test.go:64: 📊 Número de secciones encontradas: 16
2025/02/25 11:06:06 home_page_test.go:66: ✅ Test de secciones completado en 1.42
2025/02/25 11:06:06 home_page_test.go:74: 🚀 Iniciando test de enlaces
2025/02/25 11:06:07 home_page_test.go:81: 🔗 Número de enlaces encontrados: 10
2025/02/25 11:06:07 home_page_test.go:83:   🌐 Enlace 1: https://www.freerangetesters.com/content-assets/public/eyJhbGciOiJIUzI1NiJ9.eyJvYmplY3Rfa2V5IjoiYWNyejJwYmJxYzJhNWg5Z3A2Z2NqM3Nva244NSIsImRvbWFpbiI6Ind3dy5mcmVlcmFuZ2V0ZXN0ZXJzLmNvbSJ9.0tiZ084FQR5olLxWvnDAd_WBPleRri7ZfKcxR7lxHzA
2025/02/25 11:06:07 home_page_test.go:83:   🌐 Enlace 2: https://cdn.podia.com/assets/storefront-ac83c06e431b2f7199287234514c1f613ae5d183e03ea4051cf7698352c07c95.css
2025/02/25 11:06:07 home_page_test.go:83:   🌐 Enlace 3: https://fonts.googleapis.com/css?family=Fredoka+One:400|Rubik:400|Rubik:300|Rubik:700
2025/02/25 11:06:07 home_page_test.go:83:   🌐 Enlace 4: https://www.googletagmanager.com/gtag/js?id=G-MDMB1EDWKT
2025/02/25 11:06:07 home_page_test.go:83:   🌐 Enlace 5: https://js.stripe.com/v3/
2025/02/25 11:06:07 home_page_test.go:83:   🌐 Enlace 6: https://embed.cloudflarestream.com/embed/sdk.latest.js
2025/02/25 11:06:07 home_page_test.go:83:   🌐 Enlace 7: https://cdn.podia.com/assets/user-site-729eb4244d96529c0db90d8ac52d22e914c1945832db058687fe21e8ef89ff9f.js
2025/02/25 11:06:07 home_page_test.go:83:   🌐 Enlace 8: https://cdn.podia.com/assets/storefront-391feea756bd119fd62662cb7811d29f1d6027b6c3f746f60275f42a14866439.js
2025/02/25 11:06:07 home_page_test.go:83:   🌐 Enlace 9: https://www.paypalobjects.com/api/checkout.js
2025/02/25 11:06:07 home_page_test.go:83:   🌐 Enlace 10: https://challenges.cloudflare.com/turnstile/v0/api.js
2025/02/25 11:06:07 home_page_test.go:85: ✅ Test de enlaces completado en 1.40
2025/02/25 11:06:07 sandbox_page_test.go:21: 🚀 Iniciando test de Título en Sandbox de FRT
2025/02/25 11:06:07 sandbox_page_test.go:22: 📡 Accediendo a la URL: https://thefreerangetester.github.io/sandbox-automation-testing/
2025/02/25 11:06:08 sandbox_page_test.go:28: 📝 Título obtenido: Automation Sandbox
2025/02/25 11:06:08 sandbox_page_test.go:30: ✅ Test de título completado en 0.30
2025/02/25 11:06:08 sandbox_page_test.go:38: 🚀 Iniciando test de enlaces en Sandbox
2025/02/25 11:06:08 sandbox_page_test.go:45: 🔗 Número de enlaces encontrados: 5
2025/02/25 11:06:08 sandbox_page_test.go:47:   🌐 Enlace 1: /sandbox-automation-testing/favicon.ico
2025/02/25 11:06:08 sandbox_page_test.go:47:   🌐 Enlace 2: /sandbox-automation-testing/logo192.png
2025/02/25 11:06:08 sandbox_page_test.go:47:   🌐 Enlace 3: /sandbox-automation-testing/manifest.json
2025/02/25 11:06:08 sandbox_page_test.go:47:   🌐 Enlace 4: /sandbox-automation-testing/static/css/main.5cd83425.css
2025/02/25 11:06:08 sandbox_page_test.go:47:   🌐 Enlace 5: /sandbox-automation-testing/static/js/main.cddc4bb1.js
2025/02/25 11:06:08 sandbox_page_test.go:49: ✅ Test de enlaces completado en 0.03
2025/02/25 11:06:08 sandbox_page_test.go:57: 🚀 Iniciando test de botón dinámico en Sandbox
2025/02/25 11:06:18 sandbox_page_test.go:63: 📝 Valor del botón dinámico: OMG, aparezco después de 3 segundos de haber hecho click en el botón 👻.
2025/02/25 11:06:18 sandbox_page_test.go:64: ✅ Test de botón dinámico completado en 9.99
2025/02/25 11:06:18 sandbox_page_test.go:71: 🚀 Iniciando test de textbox en Sandbox
2025/02/25 11:06:19 sandbox_page_test.go:77: 📝 Valor del textbox: Texto de prueba
2025/02/25 11:06:19 sandbox_page_test.go:78: ✅ Test de textbox completado en 0.89
2025/02/25 11:06:19 sandbox_page_test.go:85: 🚀 Iniciando test de checkboxes en Sandbox
2025/02/25 11:06:20 sandbox_page_test.go:91: 📝 Valores de los checkboxes: Pizza 🍕
2025/02/25 11:06:20 sandbox_page_test.go:92: 📝 Valor del Radio Button: on
2025/02/25 11:06:20 sandbox_page_test.go:93: ✅ Test de checkboxes y radio buttons completado en 0.92
2025/02/25 11:06:20 sandbox_page_test.go:100: 🚀 Iniciando test de dropdowns en Sandbox
2025/02/25 11:06:21 sandbox_page_test.go:106: 📝 Valor del primer Dropdown: Fútbol
2025/02/25 11:06:21 sandbox_page_test.go:107: 📝 Valor del segundo Dropdown : Martes
2025/02/25 11:06:21 sandbox_page_test.go:108: ✅ Test de dropdowns completado en 1.03
2025/02/25 11:06:21 sandbox_page_test.go:115: 🚀 Iniciando test de popup en Sandbox
2025/02/25 11:06:21 sandbox_page_test.go:121: 📝 Valor del popup: ¿Viste? ¡Apareció un Pop-up!
2025/02/25 11:06:21 sandbox_page_test.go:122: ✅ Test de popup completado en 0.83
2025/02/25 11:06:21 sandbox_page_test.go:129: 🚀 Iniciando test de Shadow DOM en Sandbox
2025/02/25 11:06:22 sandbox_page_test.go:135: 📝 Valor del Shadow DOM: 
2025/02/25 11:06:22 sandbox_page_test.go:136: ✅ Test de Shadow DOM completado en 0.84
2025/02/25 11:06:22 sandbox_page_test.go:143: 🚀 Iniciando test de tablas en Sandbox
2025/02/25 11:06:23 sandbox_page_test.go:149: 📝 Valor de la celda dinámica antes: L9
2025/02/25 11:06:23 sandbox_page_test.go:150: 📝 Valor de la celda dinámica después: M0
2025/02/25 11:06:23 sandbox_page_test.go:151: 📝 Valor de la celda estática antes: Messi
2025/02/25 11:06:23 sandbox_page_test.go:152: 📝 Valor de la celda estática luego: Messi
2025/02/25 11:06:23 sandbox_page_test.go:153: ✅ Test de tablas completado en 0.96
2025/02/25 11:06:23 sandbox_page_test.go:155: ✅ Test de tablas completado en 0.96 segundos
2025/02/25 11:09:06 avis_page_test.go:25: 🚀 Iniciando test de AVIS
2025/02/25 11:09:06 avis_page_test.go:26: 📡 Accediendo a la URL: https://www.avis.es
2025/02/25 11:09:15 avis_page_test.go:36: 📝 Título obtenido: Resultados Búsqueda
2025/02/25 11:09:15 avis_page_test.go:42: 🚗 Vehículos encontrados: 8
2025/02/25 11:09:15 avis_page_test.go:44: ✅ Test de búsqueda completado en 9.26
2025/02/25 11:09:15 home_page_test.go:41: 🚀 Iniciando test de Título en FRT
2025/02/25 11:09:15 home_page_test.go:42: 📡 Accediendo a la URL: https://www.freerangetesters.com
2025/02/25 11:09:17 home_page_test.go:48: 📝 Título obtenido: Free Range Testers
2025/02/25 11:09:17 home_page_test.go:50: ✅ Test de título completado en 1.56
2025/02/25 11:09:17 home_page_test.go:58: 🚀 Iniciando test de secciones
2025/02/25 11:09:18 home_page_test.go:64: 📊 Número de secciones encontradas: 16
2025/02/25 11:09:18 home_page_test.go:66: ✅ Test de secciones completado en 1.13
2025/02/25 11:09:18 home_page_test.go:74: 🚀 Iniciando test de enlaces
2025/02/25 11:09:19 home_page_test.go:81: 🔗 Número de enlaces encontrados: 10
2025/02/25 11:09:19 home_page_test.go:83:   🌐 Enlace 1: https://challenges.cloudflare.com/turnstile/v0/api.js
2025/02/25 11:09:19 home_page_test.go:83:   🌐 Enlace 2: https://cdn.podia.com/assets/storefront-ac83c06e431b2f7199287234514c1f613ae5d183e03ea4051cf7698352c07c95.css
2025/02/25 11:09:19 home_page_test.go:83:   🌐 Enlace 3: https://www.paypalobjects.com/api/checkout.js
2025/02/25 11:09:19 home_page_test.go:83:   🌐 Enlace 4: https://cdn.podia.com/assets/user-site-729eb4244d96529c0db90d8ac52d22e914c1945832db058687fe21e8ef89ff9f.js
2025/02/25 11:09:19 home_page_test.go:83:   🌐 Enlace 5: https://cdn.podia.com/assets/storefront-391feea756bd119fd62662cb7811d29f1d6027b6c3f746f60275f42a14866439.js
2025/02/25 11:09:19 home_page_test.go:83:   🌐 Enlace 6: https://www.freerangetesters.com/content-assets/public/eyJhbGciOiJIUzI1NiJ9.eyJvYmplY3Rfa2V5IjoiYWNyejJwYmJxYzJhNWg5Z3A2Z2NqM3Nva244NSIsImRvbWFpbiI6Ind3dy5mcmVlcmFuZ2V0ZXN0ZXJzLmNvbSJ9.0tiZ084FQR5olLxWvnDAd_WBPleRri7ZfKcxR7lxHzA
2025/02/25 11:09:19 home_page_test.go:83:   🌐 Enlace 7: https://fonts.googleapis.com/css?family=Fredoka+One:400|Rubik:400|Rubik:300|Rubik:700
2025/02/25 11:09:19 home_page_test.go:83:   🌐 Enlace 8: https://www.googletagmanager.com/gtag/js?id=G-MDMB1EDWKT
2025/02/25 11:09:19 home_page_test.go:83:   🌐 Enlace 9: https://js.stripe.com/v3/
2025/02/25 11:09:19 home_page_test.go:83:   🌐 Enlace 10: https://embed.cloudflarestream.com/embed/sdk.latest.js
2025/02/25 11:09:19 home_page_test.go:85: ✅ Test de enlaces completado en 1.51
2025/02/25 11:09:19 sandbox_page_test.go:21: 🚀 Iniciando test de Título en Sandbox de FRT
2025/02/25 11:09:19 sandbox_page_test.go:22: 📡 Accediendo a la URL: https://thefreerangetester.github.io/sandbox-automation-testing/
2025/02/25 11:09:20 sandbox_page_test.go:28: 📝 Título obtenido: Automation Sandbox
2025/02/25 11:09:20 sandbox_page_test.go:30: ✅ Test de título completado en 0.29
2025/02/25 11:09:20 sandbox_page_test.go:38: 🚀 Iniciando test de enlaces en Sandbox
2025/02/25 11:09:20 sandbox_page_test.go:45: 🔗 Número de enlaces encontrados: 5
2025/02/25 11:09:20 sandbox_page_test.go:47:   🌐 Enlace 1: /sandbox-automation-testing/static/css/main.5cd83425.css
2025/02/25 11:09:20 sandbox_page_test.go:47:   🌐 Enlace 2: /sandbox-automation-testing/static/js/main.cddc4bb1.js
2025/02/25 11:09:20 sandbox_page_test.go:47:   🌐 Enlace 3: /sandbox-automation-testing/favicon.ico
2025/02/25 11:09:20 sandbox_page_test.go:47:   🌐 Enlace 4: /sandbox-automation-testing/logo192.png
2025/02/25 11:09:20 sandbox_page_test.go:47:   🌐 Enlace 5: /sandbox-automation-testing/manifest.json
2025/02/25 11:09:20 sandbox_page_test.go:49: ✅ Test de enlaces completado en 0.03
2025/02/25 11:09:20 sandbox_page_test.go:57: 🚀 Iniciando test de botón dinámico en Sandbox
2025/02/25 11:09:24 sandbox_page_test.go:63: 📝 Valor del botón dinámico: OMG, aparezco después de 3 segundos de haber hecho click en el botón 👻.
2025/02/25 11:09:24 sandbox_page_test.go:64: ✅ Test de botón dinámico completado en 4.45
2025/02/25 11:09:24 sandbox_page_test.go:71: 🚀 Iniciando test de textbox en Sandbox
2025/02/25 11:09:25 sandbox_page_test.go:77: 📝 Valor del textbox: Texto de prueba
2025/02/25 11:09:25 sandbox_page_test.go:78: ✅ Test de textbox completado en 0.87
2025/02/25 11:09:25 sandbox_page_test.go:85: 🚀 Iniciando test de checkboxes en Sandbox
2025/02/25 11:09:26 sandbox_page_test.go:91: 📝 Valores de los checkboxes: Pizza 🍕
2025/02/25 11:09:26 sandbox_page_test.go:92: 📝 Valor del Radio Button: on
2025/02/25 11:09:26 sandbox_page_test.go:93: ✅ Test de checkboxes y radio buttons completado en 0.81
2025/02/25 11:09:26 sandbox_page_test.go:100: 🚀 Iniciando test de dropdowns en Sandbox
2025/02/25 11:09:27 sandbox_page_test.go:106: 📝 Valor del primer Dropdown: Fútbol
2025/02/25 11:09:27 sandbox_page_test.go:107: 📝 Valor del segundo Dropdown : Martes
2025/02/25 11:09:27 sandbox_page_test.go:108: ✅ Test de dropdowns completado en 0.98
2025/02/25 11:09:27 sandbox_page_test.go:115: 🚀 Iniciando test de popup en Sandbox
2025/02/25 11:09:28 sandbox_page_test.go:121: 📝 Valor del popup: ¿Viste? ¡Apareció un Pop-up!
2025/02/25 11:09:28 sandbox_page_test.go:122: ✅ Test de popup completado en 0.81
2025/02/25 11:09:28 sandbox_page_test.go:129: 🚀 Iniciando test de Shadow DOM en Sandbox
2025/02/25 11:09:28 sandbox_page_test.go:135: 📝 Valor del Shadow DOM: 
2025/02/25 11:09:28 sandbox_page_test.go:136: ✅ Test de Shadow DOM completado en 0.86
2025/02/25 11:09:28 sandbox_page_test.go:143: 🚀 Iniciando test de tablas en Sandbox
2025/02/25 11:09:29 sandbox_page_test.go:149: 📝 Valor de la celda dinámica antes: H6
2025/02/25 11:09:29 sandbox_page_test.go:150: 📝 Valor de la celda dinámica después: J6
2025/02/25 11:09:29 sandbox_page_test.go:151: 📝 Valor de la celda estática antes: Messi
2025/02/25 11:09:29 sandbox_page_test.go:152: 📝 Valor de la celda estática luego: Messi
2025/02/25 11:09:29 sandbox_page_test.go:153: ✅ Test de tablas completado en 0.86
2025/02/25 11:09:29 sandbox_page_test.go:155: ✅ Test de tablas completado en 0.86 segundos
2025/02/25 11:32:09 avis_page_test.go:25: 🚀 Iniciando test de AVIS
2025/02/25 11:32:09 avis_page_test.go:26: 📡 Accediendo a la URL: https://www.avis.es
2025/02/25 11:32:18 avis_page_test.go:36: 📝 Título obtenido: Resultados Búsqueda
2025/02/25 11:32:18 avis_page_test.go:42: 🚗 Vehículos encontrados: 8
2025/02/25 11:32:18 avis_page_test.go:44: ✅ Test de búsqueda completado en 9.43
2025/02/25 11:32:19 home_page_test.go:41: 🚀 Iniciando test de Título en FRT
2025/02/25 11:32:19 home_page_test.go:42: 📡 Accediendo a la URL: https://www.freerangetesters.com
2025/02/25 11:32:20 home_page_test.go:48: 📝 Título obtenido: Free Range Testers
2025/02/25 11:32:20 home_page_test.go:50: ✅ Test de título completado en 1.71
2025/02/25 11:32:20 home_page_test.go:58: 🚀 Iniciando test de secciones
2025/02/25 11:32:22 home_page_test.go:64: 📊 Número de secciones encontradas: 16
2025/02/25 11:32:22 home_page_test.go:66: ✅ Test de secciones completado en 1.54
2025/02/25 11:32:22 home_page_test.go:74: 🚀 Iniciando test de enlaces
2025/02/25 11:32:23 home_page_test.go:81: 🔗 Número de enlaces encontrados: 10
2025/02/25 11:32:23 home_page_test.go:83:   🌐 Enlace 1: https://cdn.podia.com/assets/user-site-729eb4244d96529c0db90d8ac52d22e914c1945832db058687fe21e8ef89ff9f.js
2025/02/25 11:32:23 home_page_test.go:83:   🌐 Enlace 2: https://cdn.podia.com/assets/storefront-391feea756bd119fd62662cb7811d29f1d6027b6c3f746f60275f42a14866439.js
2025/02/25 11:32:23 home_page_test.go:83:   🌐 Enlace 3: https://fonts.googleapis.com/css?family=Fredoka+One:400|Rubik:400|Rubik:300|Rubik:700
2025/02/25 11:32:23 home_page_test.go:83:   🌐 Enlace 4: https://www.googletagmanager.com/gtag/js?id=G-MDMB1EDWKT
2025/02/25 11:32:23 home_page_test.go:83:   🌐 Enlace 5: https://js.stripe.com/v3/
2025/02/25 11:32:23 home_page_test.go:83:   🌐 Enlace 6: https://embed.cloudflarestream.com/embed/sdk.latest.js
2025/02/25 11:32:23 home_page_test.go:83:   🌐 Enlace 7: https://challenges.cloudflare.com/turnstile/v0/api.js
2025/02/25 11:32:23 home_page_test.go:83:   🌐 Enlace 8: https://www.freerangetesters.com/content-assets/public/eyJhbGciOiJIUzI1NiJ9.eyJvYmplY3Rfa2V5IjoiYWNyejJwYmJxYzJhNWg5Z3A2Z2NqM3Nva244NSIsImRvbWFpbiI6Ind3dy5mcmVlcmFuZ2V0ZXN0ZXJzLmNvbSJ9.0tiZ084FQR5olLxWvnDAd_WBPleRri7ZfKcxR7lxHzA
2025/02/25 11:32:23 home_page_test.go:83:   🌐 Enlace 9: https://cdn.podia.com/assets/storefront-ac83c06e431b2f7199287234514c1f613ae5d183e03ea4051cf7698352c07c95.css
2025/02/25 11:32:23 home_page_test.go:83:   🌐 Enlace 10: https://www.paypalobjects.com/api/checkout.js
2025/02/25 11:32:23 home_page_test.go:85: ✅ Test de enlaces completado en 1.56
2025/02/25 11:32:23 sandbox_page_test.go:21: 🚀 Iniciando test de Título en Sandbox de FRT
2025/02/25 11:32:23 sandbox_page_test.go:22: 📡 Accediendo a la URL: https://thefreerangetester.github.io/sandbox-automation-testing/
2025/02/25 11:32:24 sandbox_page_test.go:28: 📝 Título obtenido: Automation Sandbox
2025/02/25 11:32:24 sandbox_page_test.go:30: ✅ Test de título completado en 0.24
2025/02/25 11:32:24 sandbox_page_test.go:38: 🚀 Iniciando test de enlaces en Sandbox
2025/02/25 11:32:24 sandbox_page_test.go:45: 🔗 Número de enlaces encontrados: 5
2025/02/25 11:32:24 sandbox_page_test.go:47:   🌐 Enlace 1: /sandbox-automation-testing/favicon.ico
2025/02/25 11:32:24 sandbox_page_test.go:47:   🌐 Enlace 2: /sandbox-automation-testing/logo192.png
2025/02/25 11:32:24 sandbox_page_test.go:47:   🌐 Enlace 3: /sandbox-automation-testing/manifest.json
2025/02/25 11:32:24 sandbox_page_test.go:47:   🌐 Enlace 4: /sandbox-automation-testing/static/css/main.5cd83425.css
2025/02/25 11:32:24 sandbox_page_test.go:47:   🌐 Enlace 5: /sandbox-automation-testing/static/js/main.cddc4bb1.js
2025/02/25 11:32:24 sandbox_page_test.go:49: ✅ Test de enlaces completado en 0.03
2025/02/25 11:32:24 sandbox_page_test.go:57: 🚀 Iniciando test de botón dinámico en Sandbox
2025/02/25 11:32:28 sandbox_page_test.go:63: 📝 Valor del botón dinámico: OMG, aparezco después de 3 segundos de haber hecho click en el botón 👻.
2025/02/25 11:32:28 sandbox_page_test.go:64: ✅ Test de botón dinámico completado en 4.80
2025/02/25 11:32:28 sandbox_page_test.go:71: 🚀 Iniciando test de textbox en Sandbox
2025/02/25 11:32:29 sandbox_page_test.go:77: 📝 Valor del textbox: Texto de prueba
2025/02/25 11:32:29 sandbox_page_test.go:78: ✅ Test de textbox completado en 0.85
2025/02/25 11:32:29 sandbox_page_test.go:85: 🚀 Iniciando test de checkboxes en Sandbox
2025/02/25 11:32:30 sandbox_page_test.go:91: 📝 Valores de los checkboxes: Pizza 🍕
2025/02/25 11:32:30 sandbox_page_test.go:92: 📝 Valor del Radio Button: on
2025/02/25 11:32:30 sandbox_page_test.go:93: ✅ Test de checkboxes y radio buttons completado en 0.93
2025/02/25 11:32:30 sandbox_page_test.go:100: 🚀 Iniciando test de dropdowns en Sandbox
2025/02/25 11:32:31 sandbox_page_test.go:106: 📝 Valor del primer Dropdown: Fútbol
2025/02/25 11:32:31 sandbox_page_test.go:107: 📝 Valor del segundo Dropdown : Martes
2025/02/25 11:32:31 sandbox_page_test.go:108: ✅ Test de dropdowns completado en 0.98
2025/02/25 11:32:31 sandbox_page_test.go:115: 🚀 Iniciando test de popup en Sandbox
2025/02/25 11:32:32 sandbox_page_test.go:121: 📝 Valor del popup: ¿Viste? ¡Apareció un Pop-up!
2025/02/25 11:32:32 sandbox_page_test.go:122: ✅ Test de popup completado en 1.05
2025/02/25 11:32:32 sandbox_page_test.go:129: 🚀 Iniciando test de Shadow DOM en Sandbox
2025/02/25 11:32:33 sandbox_page_test.go:135: 📝 Valor del Shadow DOM: 
2025/02/25 11:32:33 sandbox_page_test.go:136: ✅ Test de Shadow DOM completado en 0.87
2025/02/25 11:32:33 sandbox_page_test.go:143: 🚀 Iniciando test de tablas en Sandbox
2025/02/25 11:32:34 sandbox_page_test.go:149: 📝 Valor de la celda dinámica antes: Q4
2025/02/25 11:32:34 sandbox_page_test.go:150: 📝 Valor de la celda dinámica después: J4
2025/02/25 11:32:34 sandbox_page_test.go:151: 📝 Valor de la celda estática antes: Messi
2025/02/25 11:32:34 sandbox_page_test.go:152: 📝 Valor de la celda estática luego: Messi
2025/02/25 11:32:34 sandbox_page_test.go:153: ✅ Test de tablas completado en 0.96
2025/02/25 11:32:34 sandbox_page_test.go:155: ✅ Test de tablas completado en 0.96 segundos
